// Jest Snapshot v1, https://goo.gl/fbAQLP

exports[`Given a Header Component When it's rendered Then it should match the snapshot 1`] = `
Array [
  <header
    className="sc-hKwDye eIVOiK"
  >
    <img
      alt="My weekly menu logo"
      className="sc-eCImPb czJMsU"
      src="logo.svg"
    />
    <ul>
      <li>
        <a
          href="/home"
          onClick={[Function]}
        >
          My Weekly Menu
        </a>
      </li>
      <li>
        <a
          href="/search"
          onClick={[Function]}
        >
          Search Recipes
        </a>
      </li>
      <li>
        <a
          href="/home/new"
          onClick={[Function]}
        >
          Create New Recipe
        </a>
      </li>
      <li>
        <a
          href="/about"
          onClick={[Function]}
        >
          About
        </a>
      </li>
    </ul>
    <div
      className="sc-bdvvtL hJvUau burger-container"
      onClick={[Function]}
      title="Navigation Menu"
    >
      <span
        className="sc-gsDKAQ bFRFTX burger-bar"
      />
      <span
        className="sc-gsDKAQ bFRFTX burger-bar"
      />
      <span
        className="sc-gsDKAQ bFRFTX burger-bar"
      />
    </div>
  </header>,
  "",
]
`;
