// Jest Snapshot v1, https://goo.gl/fbAQLP

exports[`Given a BurgerComponent component When it's rendered passing a function then it should match the snapshot 1`] = `
<div
  className="sc-bdvvtL hJvUau burger-container"
  title="Navigation Menu"
>
  <span
    className="sc-gsDKAQ bFRFTX burger-bar"
  />
  <span
    className="sc-gsDKAQ bFRFTX burger-bar"
  />
  <span
    className="sc-gsDKAQ bFRFTX burger-bar"
  />
</div>
`;
