// Jest Snapshot v1, https://goo.gl/fbAQLP

exports[`Given a SearchRecipesForm Component When it's rendered Then it should match the snapshot 1`] = `
<form
  autoComplete="off"
  className="search-recipes-form"
  noValidate={true}
  onSubmit={[Function]}
>
  <div
    className="form-group"
  >
    <label
      className="ingredients-label"
      htmlFor="ingredients"
    >
      Ingredients:
    </label>
    <input
      className="form-input-ingredients"
      id="ingredients"
      onChange={[Function]}
      placeholder="write some ingredients..."
      type="text"
      value=""
    />
  </div>
  <label
    className="form-control"
    htmlFor="no-sugar"
  >
    <input
      checked={false}
      className="diets-checkbox"
      id="no-sugar"
      onChange={[Function]}
      type="checkbox"
    />
    no-sugar
  </label>
  <label
    className="form-control"
    htmlFor="high-protein"
  >
    <input
      checked={false}
      className="diets-checkbox"
      id="high-protein"
      onChange={[Function]}
      type="checkbox"
    />
    high-protein
  </label>
  <label
    className="form-control"
    htmlFor="balanced"
  >
    <input
      checked={false}
      className="diets-checkbox"
      id="balanced"
      onChange={[Function]}
      type="checkbox"
    />
    balanced
  </label>
  <label
    className="form-control"
    htmlFor="low-sodium"
  >
    <input
      checked={false}
      className="diets-checkbox"
      id="low-sodium"
      onChange={[Function]}
      type="checkbox"
    />
    low-sodium
  </label>
  <label
    className="form-control"
    htmlFor="vegan"
  >
    <input
      checked={false}
      className="diets-checkbox"
      id="vegan"
      onChange={[Function]}
      type="checkbox"
    />
    vegan
  </label>
  <label
    className="form-control"
    htmlFor="vegetarian"
  >
    <input
      checked={false}
      className="diets-checkbox"
      id="vegetarian"
      onChange={[Function]}
      type="checkbox"
    />
    vegetarian
  </label>
  <button
    disabled={true}
    type="submit"
  >
    Search recipes
  </button>
</form>
`;
